Starting a Gradle Daemon, 4 busy and 1 incompatible Daemons could not be reused, use --status for details
> Task :checkKotlinGradlePluginConfigurationErrors
> Task :compileKotlin UP-TO-DATE
> Task :compileJava NO-SOURCE
> Task :processResources UP-TO-DATE
> Task :classes UP-TO-DATE
> Task :resolveMainClassName UP-TO-DATE

> Task :bootRun

  .   ____          _            __ _ _
 /\\ / ___'_ __ _ _(_)_ __  __ _ \ \ \ \
( ( )\___ | '_ | '_| | '_ \/ _` | \ \ \ \
 \\/  ___)| |_)| | | | | || (_| |  ) ) ) )
  '  |____| .__|_| |_|_| |_\__, | / / / /
 =========|_|==============|___/=/_/_/_/

 :: Spring Boot ::                (v3.3.4)

2026-09-21T16:59:00.648+05:30  INFO 66924 --- [mdm-backend] [           main] c.primeos.mdm.MdmBackendApplicationKt    : Starting MdmBackendApplicationKt using Java 21.0.12 with PID 66924 (/home/rohit-sharma/BackEnd/Provisiong_Methods/mdm-backend/build/classes/kotlin/main started by rohit-sharma in /home/rohit-sharma/BackEnd/Provisiong_Methods/mdm-backend)
2026-09-21T16:59:00.649+05:30  INFO 66924 --- [mdm-backend] [           main] c.primeos.mdm.MdmBackendApplicationKt    : No active profile set, falling back to 1 default profile: "default"
2026-09-21T16:59:01.274+05:30  INFO 66924 --- [mdm-backend] [           main] .s.d.r.c.RepositoryConfigurationDelegate : Bootstrapping Spring Data JPA repositories in DEFAULT mode.
2026-09-21T16:59:01.333+05:30  INFO 66924 --- [mdm-backend] [           main] .s.d.r.c.RepositoryConfigurationDelegate : Finished Spring Data repository scanning in 52 ms. Found 11 JPA repository interfaces.
2026-09-21T16:59:01.823+05:30  INFO 66924 --- [mdm-backend] [           main] o.s.b.w.embedded.tomcat.TomcatWebServer  : Tomcat initialized with port 8080 (https)
2026-09-21T16:59:01.833+05:30  INFO 66924 --- [mdm-backend] [           main] o.apache.catalina.core.StandardService   : Starting service [Tomcat]
2026-09-21T16:59:01.833+05:30  INFO 66924 --- [mdm-backend] [           main] o.apache.catalina.core.StandardEngine    : Starting Servlet engine: [Apache Tomcat/10.1.30]
2026-09-21T16:59:01.866+05:30  INFO 66924 --- [mdm-backend] [           main] o.a.c.c.C.[Tomcat].[localhost].[/]       : Initializing Spring embedded WebApplicationContext
2026-09-21T16:59:01.866+05:30  INFO 66924 --- [mdm-backend] [           main] w.s.c.ServletWebServerApplicationContext : Root WebApplicationContext: initialization completed in 1180 ms
2026-09-21T16:59:02.020+05:30  INFO 66924 --- [mdm-backend] [           main] com.zaxxer.hikari.HikariDataSource       : HikariPool-1 - Starting...
2026-09-21T16:59:02.207+05:30  INFO 66924 --- [mdm-backend] [           main] com.zaxxer.hikari.pool.HikariPool        : HikariPool-1 - Added connection org.postgresql.jdbc.PgConnection@278fe428
2026-09-21T16:59:02.209+05:30  INFO 66924 --- [mdm-backend] [           main] com.zaxxer.hikari.HikariDataSource       : HikariPool-1 - Start completed.
2026-09-21T16:59:02.232+05:30  INFO 66924 --- [mdm-backend] [           main] org.flywaydb.core.FlywayExecutor         : Database: jdbc:postgresql://localhost:5432/mdm (PostgreSQL 18.6)
2026-09-21T16:59:02.238+05:30  WARN 66924 --- [mdm-backend] [           main] o.f.c.internal.database.base.Database    : Flyway upgrade recommended: PostgreSQL 18.6 is newer than this version of Flyway and support has not been tested. The latest supported version of PostgreSQL is 16.
2026-09-21T16:59:02.277+05:30  INFO 66924 --- [mdm-backend] [           main] o.f.core.internal.command.DbValidate     : Successfully validated 15 migrations (execution time 00:00.026s)
2026-09-21T16:59:02.314+05:30  INFO 66924 --- [mdm-backend] [           main] o.f.core.internal.command.DbMigrate      : Current version of schema "public": 15
2026-09-21T16:59:02.316+05:30  INFO 66924 --- [mdm-backend] [           main] o.f.core.internal.command.DbMigrate      : Schema "public" is up to date. No migration necessary.
2026-09-21T16:59:02.380+05:30  INFO 66924 --- [mdm-backend] [           main] o.hibernate.jpa.internal.util.LogHelper  : HHH000204: Processing PersistenceUnitInfo [name: default]
2026-09-21T16:59:02.426+05:30  INFO 66924 --- [mdm-backend] [           main] org.hibernate.Version                    : HHH000412: Hibernate ORM core version 6.5.3.Final
2026-09-21T16:59:02.452+05:30  INFO 66924 --- [mdm-backend] [           main] o.h.c.internal.RegionFactoryInitiator    : HHH000026: Second-level cache disabled
2026-09-21T16:59:02.679+05:30  INFO 66924 --- [mdm-backend] [           main] o.s.o.j.p.SpringPersistenceUnitInfo      : No LoadTimeWeaver setup: ignoring JPA class transformer
2026-09-21T16:59:03.430+05:30  INFO 66924 --- [mdm-backend] [           main] o.h.e.t.j.p.i.JtaPlatformInitiator       : HHH000489: No JTA platform available (set 'hibernate.transaction.jta.platform' to enable JTA platform integration)
2026-09-21T16:59:03.473+05:30  INFO 66924 --- [mdm-backend] [           main] j.LocalContainerEntityManagerFactoryBean : Initialized JPA EntityManagerFactory for persistence unit 'default'
2026-09-21T16:59:04.285+05:30  INFO 66924 --- [mdm-backend] [           main] c.g.c.s.a.c.GcpContextAutoConfiguration  : The default project ID is primeos-mdm
2026-09-21T16:59:04.296+05:30  INFO 66924 --- [mdm-backend] [           main] c.g.c.s.core.DefaultCredentialsProvider  : Default credentials provider for service account mdm-backend@primeos-mdm.iam.gserviceaccount.com
2026-09-21T16:59:04.296+05:30  INFO 66924 --- [mdm-backend] [           main] c.g.c.s.core.DefaultCredentialsProvider  : Scopes in use by default credentials: [https://www.googleapis.com/auth/pubsub, https://www.googleapis.com/auth/spanner.admin, https://www.googleapis.com/auth/spanner.data, https://www.googleapis.com/auth/datastore, https://www.googleapis.com/auth/sqlservice.admin, https://www.googleapis.com/auth/devstorage.read_only, https://www.googleapis.com/auth/devstorage.read_write, https://www.googleapis.com/auth/cloudruntimeconfig, https://www.googleapis.com/auth/trace.append, https://www.googleapis.com/auth/cloud-platform, https://www.googleapis.com/auth/cloud-vision, https://www.googleapis.com/auth/bigquery, https://www.googleapis.com/auth/monitoring.write]
2026-09-21T16:59:04.372+05:30  WARN 66924 --- [mdm-backend] [           main] c.p.m.e.GmsNotificationListener          : mdm.gcp.pubsub-subscription-id not set - GMS notification listener not started
2026-09-21T16:59:04.434+05:30  WARN 66924 --- [mdm-backend] [           main] .s.s.UserDetailsServiceAutoConfiguration : 

Using generated security password: 21d0ca67-1ec9-42d7-81d8-558e0e378746

This generated password is for development use only. Your security configuration must be updated before running your application in production.

2026-09-21T16:59:04.439+05:30  INFO 66924 --- [mdm-backend] [           main] r$InitializeUserDetailsManagerConfigurer : Global AuthenticationManager configured with UserDetailsService bean with name inMemoryUserDetailsManager
2026-09-21T16:59:04.492+05:30  INFO 66924 --- [mdm-backend] [           main] o.s.b.a.w.s.WelcomePageHandlerMapping    : Adding welcome page: class path resource [static/index.html]
2026-09-21T16:59:05.228+05:30  INFO 66924 --- [mdm-backend] [           main] o.a.t.util.net.NioEndpoint.certificate   : Connector [https-jsse-nio-8080], TLS virtual host [_default_], certificate type [UNDEFINED] configured from keystore [/home/rohit-sharma/.keystore] using alias [mdm-backend-dev] with trust store [null]
2026-09-21T16:59:05.234+05:30  INFO 66924 --- [mdm-backend] [           main] o.s.b.w.embedded.tomcat.TomcatWebServer  : Tomcat started on port 8080 (https) with context path '/'
2026-09-21T16:59:05.240+05:30  INFO 66924 --- [mdm-backend] [           main] c.primeos.mdm.MdmBackendApplicationKt    : Started MdmBackendApplicationKt in 4.917 seconds (process running for 5.147)
2026-09-21T17:00:07.080+05:30  INFO 66924 --- [mdm-backend] [nio-8080-exec-3] o.a.c.c.C.[Tomcat].[localhost].[/]       : Initializing Spring DispatcherServlet 'dispatcherServlet'
2026-09-21T17:00:07.080+05:30  INFO 66924 --- [mdm-backend] [nio-8080-exec-3] o.s.web.servlet.DispatcherServlet        : Initializing Servlet 'dispatcherServlet'
2026-09-21T17:00:07.081+05:30  INFO 66924 --- [mdm-backend] [nio-8080-exec-3] o.s.web.servlet.DispatcherServlet        : Completed initialization in 1 ms
